1	1	keyword	program
1	9	ident	project1
1	17	sep	;
2	1	ident	uses
2	6	ident	math
2	10	sep	;
3	1	keyword	var
3	5	ident	t
3	7	sep	:
3	9	ident	text
3	13	sep	;
4	3	ident	N
4	4	sep	,
4	5	ident	L
4	6	sep	,
4	7	ident	i
4	8	sep	,
4	9	ident	Height
4	15	sep	,
4	16	ident	MinTax
4	23	sep	:
4	25	ident	integer
4	32	sep	;
5	3	ident	Rests
5	8	sep	,
5	9	ident	Taxs
5	13	sep	:
5	15	keyword	array
5	21	keyword	of
5	24	ident	integer
5	31	sep	;
7	1	keyword	begin
8	3	ident	Assign
8	9	sep	(
8	10	ident	t
8	11	sep	,
8	12	string	input.txt
8	23	sep	)
8	24	sep	;
9	3	ident	Reset
9	8	sep	(
9	9	ident	t
9	10	sep	)
9	11	sep	;
10	3	ident	Read
10	7	sep	(
10	8	ident	t
10	9	sep	,
10	10	ident	N
10	11	sep	,
10	12	ident	L
10	13	sep	)
10	14	sep	;
11	3	ident	SetLength
11	12	sep	(
11	13	ident	Rests
11	18	sep	,
11	19	ident	L
11	20	sep	)
11	21	sep	;
12	3	ident	SetLength
12	12	sep	(
12	13	ident	Taxs
12	17	sep	,
12	18	ident	L
12	19	sep	)
12	20	sep	;
13	3	keyword	for
13	7	ident	i
13	8	op	:=
13	10	integer	1
13	12	keyword	to
13	15	ident	N
13	17	keyword	do
13	20	keyword	begin
14	5	ident	Read
14	9	sep	(
14	10	ident	t
14	11	sep	,
14	12	ident	Height
14	18	sep	)
14	19	sep	;
15	5	ident	Inc
15	8	sep	(
15	9	ident	Rests
15	14	sep	[
15	15	ident	Height
15	22	op	mod
15	26	ident	L
15	27	sep	]
15	28	sep	)
15	29	sep	;
16	3	keyword	end
16	6	sep	;
17	3	ident	Close
17	8	sep	(
17	9	ident	t
17	10	sep	)
17	11	sep	;
19	3	keyword	for
19	7	ident	i
19	8	op	:=
19	10	integer	0
19	12	keyword	to
19	15	ident	L
19	16	op	-
19	17	integer	1
19	19	keyword	do
20	5	ident	Taxs
20	9	sep	[
20	10	integer	0
20	11	sep	]
20	12	op	+=
20	14	ident	Rests
20	19	sep	[
20	20	ident	i
20	21	sep	]
20	22	op	*
20	23	ident	i
20	24	sep	;
21	3	keyword	for
21	7	ident	i
21	8	op	:=
21	10	integer	1
21	12	keyword	to
21	15	ident	L
21	17	keyword	do
22	5	ident	Taxs
22	9	sep	[
22	10	ident	i
22	11	sep	]
22	12	op	:=
22	14	ident	Taxs
22	18	sep	[
22	19	ident	i
22	20	op	-
22	21	integer	1
22	22	sep	]
22	24	op	+
22	26	ident	n
22	28	op	-
22	30	ident	L
22	31	op	*
22	32	ident	Rests
22	37	sep	[
22	38	ident	L
22	39	op	-
22	40	ident	i
22	41	sep	]
22	42	sep	;
23	3	ident	MinTax
23	9	op	:=
23	11	ident	minvalue
23	19	sep	(
23	20	ident	Taxs
23	24	sep	)
23	25	sep	;
24	3	ident	Assign
24	9	sep	(
24	10	ident	t
24	11	sep	,
24	12	string	output.txt
24	24	sep	)
24	25	sep	;
25	3	ident	Rewrite
25	10	sep	(
25	11	ident	t
25	12	sep	)
25	13	sep	;
26	3	keyword	for
26	7	ident	i
26	8	op	:=
26	10	integer	0
26	12	keyword	to
26	15	ident	L
26	16	op	-
26	17	integer	1
26	19	keyword	do
27	5	keyword	if
27	8	ident	Taxs
27	12	sep	[
27	13	ident	i
27	14	sep	]
27	15	op	=
27	16	ident	MinTax
27	23	keyword	then
27	28	keyword	begin
28	5	ident	WriteLn
28	12	sep	(
28	13	ident	t
28	14	sep	,
28	15	ident	i
28	16	sep	)
28	17	sep	;
29	5	ident	Break
29	10	sep	;
30	5	keyword	end
30	8	sep	;
31	3	ident	Close
31	8	sep	(
31	9	ident	t
31	10	sep	)
31	11	sep	;
32	1	keyword	end
32	4	sep	.